// Jest Snapshot v1, https://goo.gl/fbAQLP

exports[`render component renders component 1`] = `
<BrowserRouter>
  <Switch>
    <Route
      component={[Function]}
      exact={true}
      path="/"
    />
    <Route
      component={[Function]}
      exact={true}
      path="/register"
    />
    <Route
      component={[Function]}
      exact={true}
      path="/login"
    />
    <Connect(PrivateRoute)
      component={[Function]}
      exact={true}
      path="/items"
    />
    <Connect(PrivateRoute)
      component={[Function]}
      exact={true}
      path="/profile/:handle"
    />
    <Connect(PrivateRoute)
      component={[Function]}
      exact={true}
      path="/dashboard"
    />
    <Connect(PrivateRoute)
      component={[Function]}
      exact={true}
      path="/create-profile"
    />
    <Connect(PrivateRoute)
      component={[Function]}
      exact={true}
      path="/sell-item"
    />
    <Connect(PrivateRoute)
      component={[Function]}
      exact={true}
      path="/cart"
    />
    <Connect(PrivateRoute)
      component={[Function]}
      exact={true}
      path="/edit-profile"
    />
    <Route
      component={[Function]}
    />
  </Switch>
</BrowserRouter>
`;
