// Jest Snapshot v1, https://goo.gl/fbAQLP

exports[`render component renders component 1`] = `
<Fragment>
  <Connect(Navbar) />
  <div
    className="container"
  >
    <div
      className="row mt-md-5"
    >
      <div
        className="col-md-2 col-lg-3"
      />
      <section
        className="col-md-8 col-lg-6 card mt-md-5 text-center p-0 entry"
      >
        <div
          className="card-body p-5"
        >
          <h3
            className="mb-5"
          >
            Log in to your account
          </h3>
          <form
            noValidate={true}
            onSubmit={[Function]}
          >
            <div
              className="mb-4"
            >
              <InputGroup
                id="email"
                name="email"
                onChange={[Function]}
                placeholder="Email Adress"
                type="email"
                value="test@gmail.com"
              />
            </div>
            <InputGroup
              id="password"
              name="password"
              onChange={[Function]}
              placeholder="Password"
              type="password"
              value="passwordTest"
            />
            <button
              className="btn btn-dark btn-block mt-4"
              type="submit"
            >
              Log In
            </button>
          </form>
        </div>
        <div
          className="text-muted card-footer mt-3"
        >
          Don't have an account yet? 
          <Link
            replace={false}
            to="/register"
          >
            Sign Up
          </Link>
        </div>
      </section>
    </div>
  </div>
</Fragment>
`;
