// Jest Snapshot v1, https://goo.gl/fbAQLP

exports[`render component renders component 1`] = `
<select
  className="form-control form-control-lg"
/>
`;
