// Jest Snapshot v1, https://goo.gl/fbAQLP

exports[`render component renders component 1`] = `
<div
  className="form-group"
>
  <input
    className="form-control form-control-lg"
    type="text"
  />
</div>
`;
